// Jest Snapshot v1, https://goo.gl/fbAQLP

exports[`Device should match snapshot upon initial render 1`] = `
<div
  className="device"
  id="58493-a"
>
  <h2
    className="device-title"
  >
    avenger-7-fold
  </h2>
  <button
    className="back-button"
    onClick={[MockFunction]}
  >
    back
  </button>
  <ControlForm
    runZones={[Function]}
  />
  <ZonesContainer
    addSortOrder={[Function]}
    selectZone={[Function]}
    zones={
      Array [
        Object {
          "id": "83-b",
        },
        Object {
          "id": "74-ty",
        },
      ]
    }
  />
</div>
`;
